\BOOKMARK [-1][-]{part.1}{\376\377\000I\000\040\000T\000h\000e\000o\000r\000y\000\040\000o\000f\000\040\000R\000e\000c\000u\000r\000s\000i\000v\000e\000\040\000F\000u\000n\000c\000t\000i\000o\000n\000s\000\040\000a\000n\000d\000\040\000E\000f\000f\000e\000c\000t\000i\000v\000e\000\040\000C\000o\000m\000p\000u\000t\000a\000b\000i\000l\000i\000t\000y}{}% 1
\BOOKMARK [0][-]{chapter.1}{\376\377\000R\000e\000c\000u\000r\000s\000i\000v\000e\000\040\000F\000u\000n\000c\000t\000i\000o\000n\000s}{part.1}% 2
\BOOKMARK [1][-]{section.1.1}{\376\377\000A\000l\000g\000o\000r\000i\000t\000h\000m\000s}{chapter.1}% 3
\BOOKMARK [2][-]{subsection.1.1.1}{\376\377\000W\000h\000a\000t\000\040\000i\000s\000\040\000a\000n\000\040\000a\000l\000g\000o\000r\000i\000t\000h\000m\000?}{section.1.1}% 4
\BOOKMARK [2][-]{subsection.1.1.2}{\376\377\000W\000h\000a\000t\000\040\000a\000r\000e\000\040\000t\000h\000e\000\040\000b\000o\000u\000n\000d\000a\000t\000i\000o\000n\000s\000\040\000o\000f\000\040\000a\000n\000\040\000A\000l\000g\000o\000r\000i\000t\000h\000m\000?}{section.1.1}% 5
\BOOKMARK [1][-]{section.1.2}{\376\377\000P\000r\000i\000m\000i\000t\000i\000v\000e\000\040\000R\000e\000c\000u\000r\000s\000i\000v\000e\000\040\000F\000u\000n\000c\000t\000i\000o\000n\000s}{chapter.1}% 6
\BOOKMARK [2][-]{subsection.1.2.1}{\376\377\000W\000h\000a\000t\000\040\000a\000r\000e\000\040\000r\000e\000c\000u\000r\000s\000i\000v\000e\000\040\000f\000u\000n\000c\000t\000i\000o\000n\000s\000?}{section.1.2}% 7
\BOOKMARK [2][-]{subsection.1.2.2}{\376\377\000D\000i\000a\000g\000o\000n\000a\000l\000i\000z\000a\000t\000i\000o\000n}{section.1.2}% 8
\BOOKMARK [2][-]{subsection.1.2.3}{\376\377\000F\000u\000n\000\040\000I\000n\000t\000e\000r\000l\000u\000d\000e}{section.1.2}% 9
\BOOKMARK [2][-]{subsection.1.2.4}{\376\377\000T\000u\000r\000i\000n\000g\000\040\000C\000h\000a\000r\000a\000c\000t\000e\000r\000i\000z\000a\000t\000i\000o\000n}{section.1.2}% 10
\BOOKMARK [2][-]{subsection.1.2.5}{\376\377\000K\000l\000e\000e\000n\000e\000\040\000C\000h\000a\000r\000a\000c\000t\000e\000r\000i\000z\000a\000t\000i\000o\000n}{section.1.2}% 11
\BOOKMARK [1][-]{section.1.3}{\376\377\000T\000h\000e\000\040\000B\000a\000s\000i\000c\000\040\000R\000e\000s\000u\000l\000t}{chapter.1}% 12
\BOOKMARK [2][-]{subsection.1.3.1}{\376\377\000P\000a\000r\000t\000i\000a\000l\000\040\000R\000e\000c\000u\000r\000s\000i\000v\000e\000\040\000F\000u\000n\000c\000t\000i\000o\000n\000s}{section.1.3}% 13
\BOOKMARK [2][-]{subsection.1.3.2}{\376\377\000C\000h\000u\000r\000c\000h\000'\000s\000\040\000T\000h\000e\000s\000i\000s}{section.1.3}% 14
\BOOKMARK [1][-]{section.1.4}{\376\377\000G\000o\000d\000e\000l\000\040\000N\000u\000m\000b\000e\000r\000s\000,\000\040\000U\000n\000i\000v\000e\000r\000s\000a\000l\000i\000t\000y\000,\000\040\000s\000-\000m\000-\000n\000\040\000T\000h\000e\000o\000r\000e\000m}{chapter.1}% 15
\BOOKMARK [2][-]{subsection.1.4.1}{\376\377\000G\000o\000d\000e\000l\000\040\000N\000u\000m\000b\000e\000r\000s}{section.1.4}% 16
\BOOKMARK [2][-]{subsection.1.4.2}{\376\377\000U\000n\000i\000v\000e\000r\000s\000a\000l\000i\000t\000y}{section.1.4}% 17
\BOOKMARK [2][-]{subsection.1.4.3}{\376\377\000s\000-\000m\000-\000n\000\040\000T\000h\000e\000o\000r\000e\000m}{section.1.4}% 18
\BOOKMARK [1][-]{section.1.5}{\376\377\000T\000h\000e\000\040\000H\000a\000l\000t\000i\000n\000g\000\040\000P\000r\000o\000b\000l\000e\000m}{chapter.1}% 19
\BOOKMARK [2][-]{subsection.1.5.1}{\376\377\000R\000e\000c\000u\000r\000s\000i\000v\000e\000\040\000U\000n\000s\000o\000l\000v\000a\000b\000i\000l\000i\000t\000y}{section.1.5}% 20
\BOOKMARK [1][-]{section.1.6}{\376\377\000R\000e\000c\000u\000r\000s\000i\000v\000e\000n\000e\000s\000s}{chapter.1}% 21
\BOOKMARK [2][-]{subsection.1.6.1}{\376\377\000C\000o\000d\000i\000n\000g\000s}{section.1.6}% 22
\BOOKMARK [2][-]{subsection.1.6.2}{\376\377\000T\000h\000e\000\040\000m\000u\000\040\000\050\000\051\000\040\000o\000p\000e\000r\000a\000t\000o\000r}{section.1.6}% 23
\BOOKMARK [0][-]{chapter.2}{\376\377\000U\000n\000s\000o\000l\000v\000a\000b\000l\000e\000\040\000P\000r\000o\000b\000l\000e\000m\000s}{part.1}% 24
\BOOKMARK [1][-]{section.2.1}{\376\377\000F\000u\000r\000t\000h\000e\000r\000\040\000E\000x\000a\000m\000p\000l\000e\000s\000\040\000o\000f\000\040\000R\000e\000c\000u\000r\000s\000i\000v\000e\000\040\000U\000n\000s\000o\000l\000v\000a\000b\000i\000l\000i\000t\000y}{chapter.2}% 25
\BOOKMARK [2][-]{subsection.2.1.1}{\376\377\000M\000e\000t\000h\000o\000d\000s\000\040\000o\000f\000\040\000P\000r\000o\000v\000i\000n\000g\000\040\000U\000n\000s\000o\000l\000v\000a\000b\000i\000l\000i\000t\000y}{section.2.1}% 26
\BOOKMARK [1][-]{section.2.2}{\376\377\000E\000x\000i\000s\000t\000e\000n\000c\000e\000\040\000o\000f\000\040\000c\000e\000r\000t\000a\000i\000n\000\040\000p\000a\000r\000t\000i\000a\000l\000\040\000r\000e\000c\000u\000r\000s\000i\000v\000e\000\040\000f\000u\000n\000c\000t\000i\000o\000n\000s}{chapter.2}% 27
\BOOKMARK [2][-]{subsection.2.2.1}{\376\377\000E\000x\000t\000e\000n\000s\000i\000o\000n\000\040\000o\000f\000\040\000P\000a\000r\000t\000i\000a\000l\000\040\000R\000e\000c\000u\000r\000s\000i\000v\000e\000\040\000F\000u\000n\000c\000t\000i\000o\000n\000s}{section.2.2}% 28
\BOOKMARK [1][-]{section.2.3}{\376\377\000E\000x\000e\000r\000c\000i\000s\000e\000s}{chapter.2}% 29
\BOOKMARK [2][-]{subsection.2.3.1}{\376\377\000E\000x\000e\000r\000c\000i\000e\000s\000\040\000f\000r\000o\000m\000\040\000C\000h\000a\000p\000t\000e\000r\000\040\0001}{section.2.3}% 30
\BOOKMARK [-1][-]{part.2}{\376\377\000I\000I\000\040\000D\000a\000t\000a\000\040\000S\000t\000r\000u\000c\000t\000u\000r\000e\000s\000\040\000a\000n\000d\000\040\000A\000l\000g\000o\000r\000i\000t\000h\000m\000s\000\040\000-\000\040\000A\000n\000a\000l\000y\000s\000i\000s\000\040\000a\000n\000d\000\040\000D\000e\000s\000i\000g\000n}{}% 31
\BOOKMARK [0][-]{chapter.3}{\376\377\000B\000a\000s\000i\000c\000\040\000T\000e\000r\000m\000i\000n\000o\000l\000o\000g\000y\000\040\000a\000n\000d\000\040\000D\000e\000f\000i\000n\000i\000t\000i\000o\000n\000s}{part.2}% 32
\BOOKMARK [1][-]{section.3.1}{\376\377\000F\000o\000u\000n\000d\000a\000t\000i\000o\000n\000a\000l\000\040\000C\000o\000n\000c\000e\000p\000t\000s}{chapter.3}% 33
\BOOKMARK [2][-]{subsection.3.1.1}{\376\377\000I\000n\000t\000r\000o\000d\000u\000c\000t\000i\000o\000n}{section.3.1}% 34
\BOOKMARK [2][-]{subsection.3.1.2}{\376\377\000D\000e\000f\000i\000n\000i\000t\000i\000o\000n\000s}{section.3.1}% 35
\BOOKMARK [0][-]{chapter.4}{\376\377\000B\000a\000s\000i\000c\000\040\000C\000o\000n\000c\000e\000p\000t\000s\000\040\000o\000f\000\040\000A\000l\000g\000o\000r\000i\000t\000h\000m\000\040\000A\000n\000a\000l\000y\000s\000i\000s\000\040\000a\000n\000d\000\040\000D\000e\000s\000i\000g\000n}{part.2}% 36
\BOOKMARK [1][-]{section.4.1}{\376\377\000I\000n\000s\000e\000r\000t\000i\000o\000n\000\040\000S\000o\000r\000t}{chapter.4}% 37
\BOOKMARK [2][-]{subsection.4.1.1}{\376\377\000T\000h\000e\000\040\000S\000o\000r\000t\000i\000n\000g\000\040\000P\000r\000o\000b\000l\000e\000m}{section.4.1}% 38
\BOOKMARK [-1][-]{part.3}{\376\377\000I\000I\000I\000\040\000E\000x\000t\000r\000a\000\040\000R\000e\000a\000d\000i\000n\000g\000\040\000-\000\040\000R\000e\000c\000u\000r\000s\000i\000o\000n\000\040\000a\000n\000d\000\040\000I\000n\000c\000o\000m\000p\000l\000e\000t\000e\000n\000e\000s\000s\000\040\000T\000h\000e\000o\000r\000e\000m\000s}{}% 39
\BOOKMARK [0][-]{chapter.5}{\376\377\000I\000n\000t\000r\000o\000d\000u\000c\000t\000i\000o\000n\000\040\000a\000n\000d\000\040\000D\000e\000f\000i\000n\000i\000t\000i\000o\000n\000s\000\040\000\050\000I\000n\000c\000o\000m\000p\000l\000e\000t\000e\000n\000e\000s\000s\000\051}{part.3}% 40
\BOOKMARK [1][-]{section.5.1}{\376\377\000S\000t\000a\000t\000e\000m\000e\000n\000t\000\040\000o\000f\000\040\000t\000h\000e\000\040\000P\000r\000o\000b\000l\000e\000m\000\040\000a\000n\000d\000\040\000P\000r\000e\000r\000e\000q\000u\000i\000s\000i\000t\000e\000\040\000D\000e\000f\000i\000n\000i\000t\000i\000o\000n\000s}{chapter.5}% 41
\BOOKMARK [2][-]{subsection.5.1.1}{\376\377\000D\000e\000f\000i\000n\000i\000t\000i\000o\000n\000s}{section.5.1}% 42
\BOOKMARK [1][-]{section.5.2}{\376\377\000R\000e\000q\000u\000i\000r\000e\000m\000e\000n\000t\000s\000\040\000f\000o\000r\000\040\000a\000\040\000d\000e\000d\000u\000c\000t\000i\000v\000e\000\040\000s\000y\000s\000t\000e\000m}{chapter.5}% 43
