\BOOKMARK [-1][-]{part.1}{\376\377\000I\000\040\000P\000r\000e\000-\000r\000e\000q\000u\000i\000s\000i\000t\000e\000\040\000M\000a\000t\000h\000e\000m\000a\000t\000i\000c\000s}{}% 1
\BOOKMARK [0][-]{chapter.1}{\376\377\000E\000s\000s\000e\000n\000t\000i\000a\000l\000\040\000T\000o\000p\000i\000c\000s}{part.1}% 2
\BOOKMARK [1][-]{section.1.1}{\376\377\000B\000a\000s\000i\000c\000\040\000A\000l\000g\000e\000b\000r\000a\000\040\000a\000n\000d\000\040\000A\000r\000i\000t\000h\000m\000e\000t\000i\000c}{chapter.1}% 3
\BOOKMARK [2][-]{subsection.1.1.1}{\376\377\000O\000v\000e\000r\000v\000i\000e\000w\000\040\000o\000f\000\040\000B\000a\000s\000i\000c\000\040\000A\000l\000g\000e\000b\000r\000a\000\040\000a\000n\000d\000\040\000A\000r\000i\000t\000h\000m\000e\000t\000i\000c}{section.1.1}% 4
\BOOKMARK [1][-]{section.1.2}{\376\377\000N\000u\000m\000b\000e\000r\000\040\000T\000h\000e\000o\000r\000y}{chapter.1}% 5
\BOOKMARK [2][-]{subsection.1.2.1}{\376\377\000O\000v\000e\000r\000v\000i\000e\000w\000\040\000o\000f\000\040\000N\000u\000m\000b\000e\000r\000\040\000T\000h\000e\000o\000r\000y}{section.1.2}% 6
\BOOKMARK [2][-]{subsection.1.2.2}{\376\377\000R\000e\000s\000o\000u\000r\000c\000e\000s\000\040\000t\000o\000\040\000L\000e\000a\000r\000n\000\040\000B\000a\000s\000i\000c\000\040\000N\000u\000m\000b\000e\000r\000\040\000T\000h\000e\000o\000r\000y}{section.1.2}% 7
\BOOKMARK [1][-]{section.1.3}{\376\377\000B\000a\000s\000i\000c\000\040\000C\000o\000u\000n\000t\000i\000n\000g\000\040\000a\000n\000d\000\040\000P\000r\000o\000b\000a\000b\000i\000l\000i\000t\000y}{chapter.1}% 8
\BOOKMARK [2][-]{subsection.1.3.1}{\376\377\000O\000v\000e\000r\000v\000i\000e\000w\000\040\000o\000f\000\040\000B\000a\000s\000i\000c\000\040\000C\000o\000u\000n\000t\000i\000n\000g\000\040\000a\000n\000d\000\040\000P\000r\000o\000b\000a\000b\000i\000l\000i\000t\000y}{section.1.3}% 9
\BOOKMARK [2][-]{subsection.1.3.2}{\376\377\000R\000e\000s\000o\000u\000r\000c\000e\000s\000\040\000t\000o\000\040\000L\000e\000a\000r\000n\000\040\000B\000a\000s\000i\000c\000\040\000C\000o\000u\000n\000t\000i\000n\000g\000\040\000a\000n\000d\000\040\000P\000r\000o\000b\000a\000b\000i\000l\000i\000t\000y}{section.1.3}% 10
\BOOKMARK [1][-]{section.1.4}{\376\377\000B\000a\000s\000i\000c\000\040\000G\000r\000a\000p\000h\000\040\000T\000h\000e\000o\000r\000y}{chapter.1}% 11
\BOOKMARK [2][-]{subsection.1.4.1}{\376\377\000O\000v\000e\000r\000v\000i\000e\000w\000\040\000o\000f\000\040\000B\000a\000s\000i\000c\000\040\000G\000r\000a\000p\000h\000\040\000T\000h\000e\000o\000r\000y}{section.1.4}% 12
\BOOKMARK [2][-]{subsection.1.4.2}{\376\377\000R\000e\000s\000o\000u\000r\000c\000e\000s\000\040\000t\000o\000\040\000L\000e\000a\000r\000n\000\040\000B\000a\000s\000i\000c\000\040\000G\000r\000a\000p\000h\000\040\000T\000h\000e\000o\000r\000y}{section.1.4}% 13
\BOOKMARK [1][-]{section.1.5}{\376\377\000B\000a\000s\000i\000c\000\040\000C\000o\000m\000b\000i\000n\000a\000t\000o\000r\000i\000c\000s}{chapter.1}% 14
\BOOKMARK [2][-]{subsection.1.5.1}{\376\377\000O\000v\000e\000r\000v\000i\000e\000w\000\040\000o\000f\000\040\000B\000a\000s\000i\000c\000\040\000C\000o\000m\000b\000i\000n\000a\000t\000o\000r\000i\000c\000s}{section.1.5}% 15
\BOOKMARK [2][-]{subsection.1.5.2}{\376\377\000R\000e\000s\000o\000u\000r\000c\000e\000s\000\040\000t\000o\000\040\000L\000e\000a\000r\000n\000\040\000B\000a\000s\000i\000c\000\040\000C\000o\000m\000b\000i\000n\000a\000t\000o\000r\000i\000c\000s}{section.1.5}% 16
\BOOKMARK [1][-]{section.1.6}{\376\377\000B\000a\000s\000i\000c\000\040\000L\000o\000g\000i\000c\000\040\000a\000n\000d\000\040\000S\000e\000t\000\040\000T\000h\000e\000o\000r\000y}{chapter.1}% 17
\BOOKMARK [2][-]{subsection.1.6.1}{\376\377\000O\000v\000e\000r\000v\000i\000e\000w\000\040\000o\000f\000\040\000B\000a\000s\000i\000c\000\040\000L\000o\000g\000i\000c\000\040\000a\000n\000d\000\040\000S\000e\000t\000\040\000T\000h\000e\000o\000r\000y}{section.1.6}% 18
\BOOKMARK [2][-]{subsection.1.6.2}{\376\377\000R\000e\000s\000o\000u\000r\000c\000e\000s\000\040\000t\000o\000\040\000L\000e\000a\000r\000n\000\040\000B\000a\000s\000i\000c\000\040\000L\000o\000g\000i\000c\000\040\000a\000n\000d\000\040\000S\000e\000t\000\040\000T\000h\000e\000o\000r\000y}{section.1.6}% 19
\BOOKMARK [1][-]{section.1.7}{\376\377\000B\000a\000s\000i\000c\000\040\000G\000e\000o\000m\000e\000t\000r\000y}{chapter.1}% 20
\BOOKMARK [2][-]{subsection.1.7.1}{\376\377\000O\000v\000e\000r\000v\000i\000e\000w\000\040\000o\000f\000\040\000B\000a\000s\000i\000c\000\040\000G\000e\000o\000m\000e\000t\000r\000y}{section.1.7}% 21
\BOOKMARK [2][-]{subsection.1.7.2}{\376\377\000R\000e\000s\000o\000u\000r\000c\000e\000s\000\040\000t\000o\000\040\000L\000e\000a\000r\000n\000\040\000B\000a\000s\000i\000c\000\040\000G\000e\000o\000m\000e\000t\000r\000y}{section.1.7}% 22
\BOOKMARK [1][-]{section.1.8}{\376\377\000B\000a\000s\000i\000c\000\040\0002\000D\000\040\000C\000o\000o\000r\000d\000i\000n\000a\000t\000e\000\040\000G\000e\000o\000m\000e\000t\000r\000y}{chapter.1}% 23
\BOOKMARK [2][-]{subsection.1.8.1}{\376\377\000O\000v\000e\000r\000v\000i\000e\000w\000\040\000o\000f\000\040\000B\000a\000s\000i\000c\000\040\0002\000D\000\040\000C\000o\000o\000r\000d\000i\000n\000a\000t\000e\000\040\000G\000e\000o\000m\000e\000t\000r\000y}{section.1.8}% 24
\BOOKMARK [1][-]{section.1.9}{\376\377\000B\000a\000s\000i\000c\000\040\0003\000D\000\040\000C\000o\000o\000r\000d\000i\000n\000a\000t\000e\000\040\000G\000e\000o\000m\000e\000t\000r\000y}{chapter.1}% 25
\BOOKMARK [2][-]{subsection.1.9.1}{\376\377\000O\000v\000e\000r\000v\000i\000e\000w\000\040\000o\000f\000\040\000B\000a\000s\000i\000c\000\040\0003\000D\000\040\000C\000o\000o\000r\000d\000i\000n\000a\000t\000e\000\040\000G\000e\000o\000m\000e\000t\000r\000y}{section.1.9}% 26
\BOOKMARK [1][-]{section.1.10}{\376\377\000B\000a\000s\000i\000c\000\040\000T\000r\000i\000g\000o\000n\000o\000m\000e\000t\000r\000y}{chapter.1}% 27
\BOOKMARK [2][-]{subsection.1.10.1}{\376\377\000O\000v\000e\000r\000v\000i\000e\000w\000\040\000o\000f\000\040\000B\000a\000s\000i\000c\000\040\000T\000r\000i\000g\000o\000n\000o\000m\000e\000t\000r\000y}{section.1.10}% 28
\BOOKMARK [1][-]{section.1.11}{\376\377\000B\000a\000s\000i\000c\000\040\000C\000a\000l\000c\000u\000l\000u\000s}{chapter.1}% 29
\BOOKMARK [2][-]{subsection.1.11.1}{\376\377\000O\000v\000e\000r\000v\000i\000e\000w\000\040\000o\000f\000\040\000B\000a\000s\000i\000c\000\040\000C\000a\000l\000c\000u\000l\000u\000s}{section.1.11}% 30
\BOOKMARK [0][-]{chapter.2}{\376\377\000A\000d\000v\000a\000n\000c\000e\000d\000\040\000T\000o\000p\000i\000c\000s}{part.1}% 31
\BOOKMARK [1][-]{section.2.1}{\376\377\000A\000d\000v\000a\000n\000c\000e\000d\000\040\000N\000u\000m\000b\000e\000r\000\040\000T\000h\000e\000o\000r\000y}{chapter.2}% 32
\BOOKMARK [2][-]{subsection.2.1.1}{\376\377\000O\000v\000e\000r\000v\000i\000e\000w\000\040\000o\000f\000\040\000A\000d\000v\000a\000n\000c\000e\000d\000\040\000N\000u\000m\000b\000e\000r\000\040\000T\000h\000e\000o\000r\000y}{section.2.1}% 33
\BOOKMARK [1][-]{section.2.2}{\376\377\000A\000d\000v\000a\000n\000c\000e\000d\000\040\000C\000o\000u\000n\000t\000i\000n\000g\000\040\000a\000n\000d\000\040\000P\000r\000o\000b\000a\000b\000i\000l\000i\000t\000y}{chapter.2}% 34
\BOOKMARK [2][-]{subsection.2.2.1}{\376\377\000O\000v\000e\000r\000v\000i\000e\000w\000\040\000o\000f\000\040\000A\000d\000v\000a\000n\000c\000e\000d\000\040\000C\000o\000u\000n\000t\000i\000n\000g\000\040\000a\000n\000d\000\040\000P\000r\000o\000b\000a\000b\000i\000l\000i\000t\000y}{section.2.2}% 35
\BOOKMARK [1][-]{section.2.3}{\376\377\000A\000d\000v\000a\000n\000c\000e\000d\000\040\000G\000r\000a\000p\000h\000\040\000T\000h\000e\000o\000r\000y}{chapter.2}% 36
\BOOKMARK [2][-]{subsection.2.3.1}{\376\377\000O\000v\000e\000r\000v\000i\000e\000w\000\040\000o\000f\000\040\000A\000d\000v\000a\000n\000c\000e\000d\000\040\000G\000r\000a\000p\000h\000\040\000T\000h\000e\000o\000r\000y}{section.2.3}% 37
\BOOKMARK [1][-]{section.2.4}{\376\377\000A\000d\000v\000a\000n\000c\000e\000d\000\040\000C\000o\000m\000b\000i\000n\000a\000t\000o\000r\000i\000c\000s}{chapter.2}% 38
\BOOKMARK [2][-]{subsection.2.4.1}{\376\377\000O\000v\000e\000r\000v\000i\000e\000w\000\040\000o\000f\000\040\000A\000d\000v\000a\000n\000c\000e\000d\000\040\000C\000o\000m\000b\000i\000n\000a\000t\000o\000r\000i\000c\000s}{section.2.4}% 39
\BOOKMARK [1][-]{section.2.5}{\376\377\000A\000d\000v\000a\000n\000c\000e\000d\000\040\000L\000o\000g\000i\000c\000\040\000a\000n\000d\000\040\000S\000e\000t\000\040\000T\000h\000e\000o\000r\000y}{chapter.2}% 40
\BOOKMARK [2][-]{subsection.2.5.1}{\376\377\000O\000v\000e\000r\000v\000i\000e\000w\000\040\000o\000f\000\040\000A\000d\000v\000a\000n\000c\000e\000d\000\040\000L\000o\000g\000i\000c\000\040\000a\000n\000d\000\040\000S\000e\000t\000\040\000T\000h\000e\000o\000r\000y}{section.2.5}% 41
\BOOKMARK [1][-]{section.2.6}{\376\377\000A\000d\000v\000a\000n\000c\000e\000d\000\040\000G\000e\000o\000m\000e\000t\000r\000y}{chapter.2}% 42
\BOOKMARK [2][-]{subsection.2.6.1}{\376\377\000O\000v\000e\000r\000v\000i\000e\000w\000\040\000o\000f\000\040\000A\000d\000v\000a\000n\000c\000e\000d\000\040\000G\000e\000o\000m\000e\000t\000r\000y}{section.2.6}% 43
\BOOKMARK [1][-]{section.2.7}{\376\377\000A\000d\000v\000a\000n\000c\000e\000d\000\040\0002\000D\000\040\000C\000o\000o\000r\000d\000i\000n\000a\000t\000e\000\040\000G\000e\000o\000m\000e\000t\000r\000y}{chapter.2}% 44
\BOOKMARK [2][-]{subsection.2.7.1}{\376\377\000O\000v\000e\000r\000v\000i\000e\000w\000\040\000o\000f\000\040\000A\000d\000v\000a\000n\000c\000e\000d\000\040\0002\000D\000\040\000C\000o\000o\000r\000d\000i\000n\000a\000t\000e\000\040\000G\000e\000o\000m\000e\000t\000r\000y}{section.2.7}% 45
\BOOKMARK [1][-]{section.2.8}{\376\377\000A\000d\000v\000a\000n\000c\000e\000d\000\040\0003\000D\000\040\000C\000o\000o\000r\000d\000i\000n\000a\000t\000e\000\040\000G\000e\000o\000m\000e\000t\000r\000y}{chapter.2}% 46
\BOOKMARK [2][-]{subsection.2.8.1}{\376\377\000O\000v\000e\000r\000v\000i\000e\000w\000\040\000o\000f\000\040\000A\000d\000v\000a\000n\000c\000e\000d\000\040\0003\000D\000\040\000C\000o\000o\000r\000d\000i\000n\000a\000t\000e\000\040\000G\000e\000o\000m\000e\000t\000r\000y}{section.2.8}% 47
\BOOKMARK [1][-]{section.2.9}{\376\377\000A\000d\000v\000a\000n\000c\000e\000d\000\040\000A\000l\000g\000e\000b\000r\000a}{chapter.2}% 48
\BOOKMARK [2][-]{subsection.2.9.1}{\376\377\000O\000v\000e\000r\000v\000i\000e\000w\000\040\000o\000f\000\040\000A\000d\000v\000a\000n\000c\000e\000d\000\040\000A\000l\000g\000e\000b\000r\000a}{section.2.9}% 49
\BOOKMARK [1][-]{section.2.10}{\376\377\000V\000e\000c\000t\000o\000r\000\040\000C\000a\000l\000c\000u\000l\000u\000s\000\040\000a\000n\000d\000\040\000M\000u\000l\000t\000i\000v\000a\000r\000i\000a\000b\000l\000e\000\040\000A\000n\000a\000l\000y\000s\000i\000s}{chapter.2}% 50
\BOOKMARK [2][-]{subsection.2.10.1}{\376\377\000O\000v\000e\000r\000v\000i\000e\000w\000\040\000o\000f\000\040\000V\000e\000c\000t\000o\000r\000\040\000C\000a\000l\000c\000u\000l\000u\000s\000\040\000a\000n\000d\000\040\000M\000u\000l\000t\000i\000v\000a\000r\000i\000a\000b\000l\000e\000\040\000A\000n\000a\000l\000y\000s\000i\000s}{section.2.10}% 51
\BOOKMARK [1][-]{section.2.11}{\376\377\000C\000o\000m\000p\000l\000e\000x\000i\000t\000y\000\040\000A\000n\000a\000l\000y\000s\000i\000s\000\040\000a\000n\000d\000\040\000A\000l\000g\000o\000r\000i\000t\000h\000m\000\040\000D\000e\000s\000i\000g\000n}{chapter.2}% 52
\BOOKMARK [2][-]{subsection.2.11.1}{\376\377\000O\000v\000e\000r\000v\000i\000e\000w\000\040\000o\000f\000\040\000C\000o\000m\000p\000l\000e\000x\000i\000t\000y\000\040\000A\000n\000a\000l\000y\000s\000i\000s\000\040\000a\000n\000d\000\040\000A\000l\000g\000o\000r\000i\000t\000h\000m\000\040\000D\000e\000s\000i\000g\000n}{section.2.11}% 53
\BOOKMARK [0][-]{chapter.3}{\376\377\000E\000x\000t\000r\000e\000m\000e\000l\000y\000\040\000A\000d\000v\000a\000n\000c\000e\000d\000\040\000T\000o\000p\000i\000c\000s}{part.1}% 54
\BOOKMARK [1][-]{section.3.1}{\376\377\000A\000d\000v\000a\000n\000c\000e\000d\000\040\000A\000l\000g\000e\000b\000r\000a\000i\000c\000\040\000T\000o\000p\000i\000c\000s}{chapter.3}% 55
\BOOKMARK [2][-]{subsection.3.1.1}{\376\377\000O\000v\000e\000r\000v\000i\000e\000w\000\040\000o\000f\000\040\000A\000d\000v\000a\000n\000c\000e\000d\000\040\000A\000l\000g\000e\000b\000r\000a\000i\000c\000\040\000T\000o\000p\000i\000c\000s}{section.3.1}% 56
\BOOKMARK [1][-]{section.3.2}{\376\377\000A\000d\000v\000a\000n\000c\000e\000d\000\040\000A\000n\000a\000l\000y\000s\000i\000s\000\040\000T\000o\000p\000i\000c\000s}{chapter.3}% 57
\BOOKMARK [2][-]{subsection.3.2.1}{\376\377\000O\000v\000e\000r\000v\000i\000e\000w\000\040\000o\000f\000\040\000A\000d\000v\000a\000n\000c\000e\000d\000\040\000A\000n\000a\000l\000y\000s\000i\000s\000\040\000T\000o\000p\000i\000c\000s}{section.3.2}% 58
\BOOKMARK [1][-]{section.3.3}{\376\377\000A\000d\000v\000a\000n\000c\000e\000d\000\040\000T\000o\000p\000o\000l\000o\000g\000y\000\040\000T\000o\000p\000i\000c\000s}{chapter.3}% 59
\BOOKMARK [2][-]{subsection.3.3.1}{\376\377\000O\000v\000e\000r\000v\000i\000e\000w\000\040\000o\000f\000\040\000A\000d\000v\000a\000n\000c\000e\000d\000\040\000T\000o\000p\000o\000l\000o\000g\000y\000\040\000T\000o\000p\000i\000c\000s}{section.3.3}% 60
\BOOKMARK [1][-]{section.3.4}{\376\377\000A\000d\000v\000a\000n\000c\000e\000d\000\040\000G\000r\000a\000p\000h\000\040\000T\000h\000e\000o\000r\000y\000\040\000a\000n\000d\000\040\000C\000o\000m\000b\000i\000n\000a\000t\000o\000r\000i\000c\000s}{chapter.3}% 61
\BOOKMARK [2][-]{subsection.3.4.1}{\376\377\000O\000v\000e\000r\000v\000i\000e\000w\000\040\000o\000f\000\040\000A\000d\000v\000a\000n\000c\000e\000d\000\040\000G\000r\000a\000p\000h\000\040\000T\000h\000e\000o\000r\000y\000\040\000a\000n\000d\000\040\000C\000o\000m\000b\000i\000n\000a\000t\000o\000r\000i\000c\000s}{section.3.4}% 62
\BOOKMARK [1][-]{section.3.5}{\376\377\000S\000t\000o\000c\000h\000a\000s\000t\000i\000c\000\040\000P\000r\000o\000c\000e\000s\000s\000e\000s\000\040\000a\000n\000d\000\040\000A\000d\000v\000a\000n\000c\000e\000d\000\040\000P\000r\000o\000b\000a\000b\000i\000l\000i\000t\000y}{chapter.3}% 63
\BOOKMARK [2][-]{subsection.3.5.1}{\376\377\000O\000v\000e\000r\000v\000i\000e\000w\000\040\000o\000f\000\040\000S\000t\000o\000c\000h\000a\000s\000t\000i\000c\000\040\000P\000r\000o\000c\000e\000s\000s\000e\000s\000\040\000a\000n\000d\000\040\000A\000d\000v\000a\000n\000c\000e\000d\000\040\000P\000r\000o\000b\000a\000b\000i\000l\000i\000t\000y}{section.3.5}% 64
\BOOKMARK [1][-]{section.3.6}{\376\377\000I\000n\000f\000o\000r\000m\000a\000t\000i\000o\000n\000\040\000T\000h\000e\000o\000r\000y}{chapter.3}% 65
\BOOKMARK [2][-]{subsection.3.6.1}{\376\377\000O\000v\000e\000r\000v\000i\000e\000w\000\040\000o\000f\000\040\000I\000n\000f\000o\000r\000m\000a\000t\000i\000o\000n\000\040\000T\000h\000e\000o\000r\000y}{section.3.6}% 66
\BOOKMARK [1][-]{section.3.7}{\376\377\000A\000d\000v\000a\000n\000c\000e\000d\000\040\000C\000o\000m\000p\000l\000e\000x\000i\000t\000y\000\040\000T\000h\000e\000o\000r\000y\000\040\000a\000n\000d\000\040\000M\000a\000c\000h\000i\000n\000e\000\040\000L\000e\000a\000r\000n\000i\000n\000g}{chapter.3}% 67
\BOOKMARK [2][-]{subsection.3.7.1}{\376\377\000O\000v\000e\000r\000v\000i\000e\000w\000\040\000o\000f\000\040\000A\000d\000v\000a\000n\000c\000e\000d\000\040\000C\000o\000m\000p\000l\000e\000x\000i\000t\000y\000\040\000T\000h\000e\000o\000r\000y\000\040\000a\000n\000d\000\040\000M\000a\000c\000h\000i\000n\000e\000\040\000L\000e\000a\000r\000n\000i\000n\000g}{section.3.7}% 68
