\BOOKMARK [0][-]{chapter.1}{\376\377\000P\000r\000o\000o\000f\000\040\000o\000f\000\040\000C\000o\000n\000c\000e\000p\000t}{}% 1
\BOOKMARK [1][-]{section.1.1}{\376\377\000A\000b\000s\000t\000r\000a\000c\000t}{chapter.1}% 2
\BOOKMARK [1][-]{section.1.2}{\376\377\000M\000e\000t\000h\000o\000d\000o\000l\000o\000g\000y}{chapter.1}% 3
\BOOKMARK [2][-]{subsection.1.2.1}{\376\377\000N\000e\000u\000r\000a\000l\000\040\000S\000t\000i\000m\000u\000l\000a\000t\000i\000o\000n\000\040\000a\000n\000d\000\040\000E\000E\000G\000\040\000A\000c\000q\000u\000i\000s\000i\000t\000i\000o\000n}{section.1.2}% 4
\BOOKMARK [2][-]{subsection.1.2.2}{\376\377\000S\000i\000g\000n\000a\000l\000\040\000P\000r\000e\000p\000r\000o\000c\000e\000s\000s\000i\000n\000g}{section.1.2}% 5
\BOOKMARK [2][-]{subsection.1.2.3}{\376\377\000F\000e\000a\000t\000u\000r\000e\000\040\000E\000x\000t\000r\000a\000c\000t\000i\000o\000n}{section.1.2}% 6
\BOOKMARK [2][-]{subsection.1.2.4}{\376\377\000M\000a\000c\000h\000i\000n\000e\000\040\000L\000e\000a\000r\000n\000i\000n\000g\000\040\000A\000n\000a\000l\000y\000s\000i\000s}{section.1.2}% 7
\BOOKMARK [2][-]{subsection.1.2.5}{\376\377\000R\000i\000s\000k\000\040\000A\000s\000s\000e\000s\000s\000m\000e\000n\000t\000\040\000a\000n\000d\000\040\000C\000l\000i\000n\000i\000c\000a\000l\000\040\000D\000e\000c\000i\000s\000i\000o\000n\000\040\000S\000u\000p\000p\000o\000r\000t}{section.1.2}% 8
\BOOKMARK [1][-]{section.1.3}{\376\377\000C\000o\000m\000p\000o\000n\000e\000n\000t\000s\000\040\000a\000n\000d\000\040\000I\000m\000p\000l\000e\000m\000e\000n\000t\000a\000t\000i\000o\000n}{chapter.1}% 9
\BOOKMARK [1][-]{section.1.4}{\376\377\000F\000e\000a\000t\000u\000r\000e\000\040\000E\000x\000t\000r\000a\000c\000t\000i\000o\000n\000\040\000a\000n\000d\000\040\000S\000e\000l\000e\000c\000t\000i\000o\000n}{chapter.1}% 10
\BOOKMARK [1][-]{section.1.5}{\376\377\000F\000e\000a\000t\000u\000r\000e\000s\000\040\000U\000s\000e\000d\000\040\000i\000n\000\040\000A\000l\000z\000h\000e\000i\000m\000e\000r\000'\000s\000\040\000D\000i\000s\000e\000a\000s\000e\000\040\000D\000e\000t\000e\000c\000t\000i\000o\000n}{chapter.1}% 11
\BOOKMARK [2][-]{subsection.1.5.1}{\376\377\000T\000i\000m\000e\000\040\000D\000o\000m\000a\000i\000n\000\040\000F\000e\000a\000t\000u\000r\000e\000\040\000E\000x\000t\000r\000a\000c\000t\000i\000o\000n}{section.1.5}% 12
\BOOKMARK [2][-]{subsection.1.5.2}{\376\377\000F\000r\000e\000q\000u\000e\000n\000c\000y\000\040\000D\000o\000m\000a\000i\000n\000\040\000F\000e\000a\000t\000u\000r\000e\000\040\000E\000x\000t\000r\000a\000c\000t\000i\000o\000n}{section.1.5}% 13
\BOOKMARK [2][-]{subsection.1.5.3}{\376\377\000T\000i\000m\000e\000-\000F\000r\000e\000q\000u\000e\000n\000c\000y\000\040\000F\000e\000a\000t\000u\000r\000e\000\040\000E\000x\000t\000r\000a\000c\000t\000i\000o\000n}{section.1.5}% 14
\BOOKMARK [2][-]{subsection.1.5.4}{\376\377\000C\000o\000n\000n\000e\000c\000t\000i\000v\000i\000t\000y\000\040\000F\000e\000a\000t\000u\000r\000e\000\040\000E\000x\000t\000r\000a\000c\000t\000i\000o\000n}{section.1.5}% 15
\BOOKMARK [1][-]{section.1.6}{\376\377\000D\000i\000m\000e\000n\000s\000i\000o\000n\000a\000l\000i\000t\000y\000\040\000R\000e\000d\000u\000c\000t\000i\000o\000n}{chapter.1}% 16
\BOOKMARK [1][-]{section.1.7}{\376\377\000B\000a\000s\000i\000c\000\040\000O\000v\000e\000r\000v\000i\000e\000w\000\040\000o\000f\000\040\000F\000u\000z\000z\000y\000\040\000L\000o\000g\000i\000c}{chapter.1}% 17
\BOOKMARK [2][-]{subsection.1.7.1}{\376\377\000B\000a\000s\000i\000c\000\040\000p\000r\000i\000n\000i\000c\000i\000p\000l\000e\000s\000\040\000a\000n\000d\000\040\000d\000e\000f\000i\000n\000i\000t\000i\000o\000n\000s}{section.1.7}% 18
\BOOKMARK [2][-]{subsection.1.7.2}{\376\377\000C\000o\000n\000s\000t\000r\000u\000c\000t\000i\000o\000n\000\040\000o\000f\000\040\000F\000u\000z\000z\000y\000\040\000M\000e\000m\000b\000e\000r\000s\000h\000i\000p\000\040\000F\000u\000n\000c\000t\000i\000o\000n\000s}{section.1.7}% 19
\BOOKMARK [1][-]{section.1.8}{\376\377\000F\000u\000z\000z\000y\000\040\000F\000e\000a\000t\000u\000r\000e\000s\000\040\000a\000n\000d\000\040\000F\000u\000z\000z\000y\000\040\000L\000o\000g\000i\000c\000-\000B\000a\000s\000e\000d\000\040\000M\000a\000c\000h\000i\000n\000e\000\040\000L\000e\000a\000r\000n\000i\000n\000g\000\040\000M\000o\000d\000e\000l\000s}{chapter.1}% 20
