C:\Users\Admin\Documents\GitHub\Latex_notes\tex_files\white\analysis_I_problem_set_1.tex|C:\Users\Admin\Documents\GitHub\Latex_notes\html\analysis_I_problem_set_1.html
C:\Users\Admin\Documents\GitHub\Latex_notes\tex_files\white\analysis_white.tex|C:\Users\Admin\Documents\GitHub\Latex_notes\html\analysis_white.html
C:\Users\Admin\Documents\GitHub\Latex_notes\tex_files\white\basic_algebra.tex|C:\Users\Admin\Documents\GitHub\Latex_notes\html\basic_algebra.html
C:\Users\Admin\Documents\GitHub\Latex_notes\tex_files\white\cyclic_vectors.tex|C:\Users\Admin\Documents\GitHub\Latex_notes\html\cyclic_vectors.html
C:\Users\Admin\Documents\GitHub\Latex_notes\tex_files\white\fibonacci.tex|C:\Users\Admin\Documents\GitHub\Latex_notes\html\fibonacci.html
C:\Users\Admin\Documents\GitHub\Latex_notes\tex_files\white\lin_al.tex|C:\Users\Admin\Documents\GitHub\Latex_notes\html\lin_al.html
C:\Users\Admin\Documents\GitHub\Latex_notes\tex_files\white\prob_stats1.tex|C:\Users\Admin\Documents\GitHub\Latex_notes\html\prob_stats1.html
C:\Users\Admin\Documents\GitHub\Latex_notes\tex_files\white\skolem.tex|C:\Users\Admin\Documents\GitHub\Latex_notes\html\skolem.html
